single_unit_algebra: passed
single_unit_jensen_helper: passed
displayed_steps: passed
granularity_symbolic_only: passed
shifted: passed
endpoint: passed
outer_boundary: passed
branch_elimination: passed
second_body_kernel: passed
stationary_reconstruction_replay: passed
single_unit_scalar_signs: passed
single_unit_envelope_lower: passed
single_unit_envelope_upper: passed
single_unit_gap_terms: passed
single_unit_density_positive: passed
single_unit_frontier_increasing: passed
single_unit_frontier_convex: passed
single_unit_seller_atom: passed
single_unit_strict_welfare: passed
single_unit_smoothing_support: passed
pricing_scalar: passed
node_steps: passed
buyer_rounding: passed
D1_price_regions: passed
D1_terminal_example: passed
D4_ratio_comparison_algebra: passed
D4_ratio_minimum_comparison: passed
{"groups": 27, "nonpassing": []}
