{
  "arb_status": "proved",
  "failed_margins": [],
  "exact_all_zero": true,
  "margins": {
    "t_positive": "[[0.3177770330904722868581302464008331298828 +/- 1.26e-41], [0.3178777773381470979074947535991668701172 +/- 1.26e-41]]",
    "p_minus_t": "[[0.3521114498474994762844403339840937405825 +/- 3.39e-41], [0.3554360100209956145889123035885859280825 +/- 3.39e-41]]",
    "one_minus_p": "[[0.3267869568886457853906790660403203219175 +/- 3.39e-41], [0.3300107728142397389703432963870000094175 +/- 3.39e-41]]",
    "C_minus_one_quarter": "[0.1372709209099411964416503906250000000000, 0.1519095483236014842987060546875000000000]",
    "xi_l_minus_c": "[[0.07738395608291652915192199282956798372783 +/- 3.74e-42], [0.08510333332785562542391372256589610872783 +/- 3.74e-42]]",
    "xi_r_minus_xi_l": "[[0.09867567600606906320556649267472303660594 +/- 6.72e-43], [0.2544790507193558206747437387684730366059 +/- 4.07e-41]]",
    "xi_0_minus_xi_r": "[0.07994978409260511398315429687500000000000, 0.4085662122815847396850585937500000000000]",
    "q_r_positive": "[0.2402128383982926607131958007812500000000, 0.2555658549536019563674926757812500000000]",
    "q_l_minus_q_r": "[0.08229865622706711292266845703125000000000, 0.1076989362481981515884399414062500000000]",
    "one_minus_q_l": "[0.6520882253535091876983642578125000000000, 0.6621354888193309307098388671875000000000]",
    "h_positive": "[0.4439238212071359157562255859375000000000, 0.5785297607071697711944580078125000000000]",
    "one_minus_h": "[0.4214702392928302288055419921875000000000, 0.5560761787928640842437744140625000000000]",
    "discriminant_positive": "[[0.5355613615198176058382927218500689901955 +/- 1.69e-41], [0.5754774006732854696364342013422564901955 +/- 1.69e-41]]",
    "v_minus_q_r": "[[0.08549525637726765125989913940429687500000 +/- 1e-45], [0.1008986450565280392765998840332031250000 +/- 1e-45]]"
  }
}
